# 0x7F100000 - 0x7FFF0000 Thread 0 stack
# 0x7F000000 - 0x7F0FFFFF Linker

# 0x70000000 - 0x7EFFFFFF Prelinked System Libraries
# 0x60000000 - 0x6FFFFFFF Prelinked App Libraries
# 0x50000000 - 0x5FFFFFFF Non-prelinked Libraries
# 0x40000000 - 0x4FFFFFFF mmap'd stuff
# 0x10000000 - 0x3FFFFFFF Thread Stacks
# 0x00080000 - 0x0FFFFFFF .text / .data / heap

# core system libraries
libdl.so                       0x7eff0000 # ~0x000011a2 [ <64K]
libc.so                        0x7ee00000 # ~0x000beef9 [  <1M]
libstdc++.so                   0x7edf0000 # ~0x00002386 [ <64K]
libm.so                        0x7ed80000 # ~0x00031120 [<256K]
liblog.so                      0x7ed70000 # ~0x00006ac4 [ <64K]
libcutils.so                   0x7ed00000 # ~0x0003b97e [<256K]
libthread_db.so                0x7ecf0000 # ~0x00001214 [ <64K]
libz.so                        0x7ec80000 # ~0x00017393 [<256K]
libevent.so                    0x7eb00000 # ~0x000fffff [  <1M]
libssl.so                      0x7ea00000 # ~0x00060928 [  <1M]
libcrypto.so                   0x7e800000 # ~0x001bfcc8 [  ~2M]
libsysutils.so                 0x7e7f0000 # ~0x00008fa2 [ <64K]
libffi.so                      0x7e7e0000 # ~0x000046e1 [ <64K]

# bluetooth
liba2dp.so                     0x7e600000 # ~0x00014778 [<256K]
audio.so                       0x7e500000 # ~0x00037760 [<256K]
input.so                       0x7e400000 # ~0x00007a30 [ <64K]
libbluetoothd.so               0x7e300000 # ~0x000d22f8 [  <1M]
libbluedroid.so                0x7e200000 # ~0x000fffff [  <1M]
libbluetooth.so                0x7e100000 # ~0x0001a7ec [<256K]
libdbus.so                     0x7e000000 # ~0x000aa800 [  <1M]

# extended system libraries
libril.so                      0x7dfc0000 # ~0x0003af1c [<256K]
libreference-ril.so            0x7df80000 # ~0x00010b29 [<256K]
libwpa_client.so               0x7df70000 # ~0x00004bd4 [ <64K]
libnetutils.so                 0x7df60000 # ~0x00009798 [ <64K]

# core dalvik runtime support
libandroid_servers.so          0x7df50000 # ~0x0000a313 [ <64K]
libicuuc.so                    0x7dd00000 # ~0x0017dcc8 [  ~2M]
libicui18n.so                  0x7db00000 # ~0x001a4294 [  ~2M]
libandroid_runtime.so          0x7d900000 # ~0x00133450 [  ~2M]
libnativehelper.so             0x7d800000 # ~0x0008806b [  <1M]
libdvm-MIPS.so                 0x7d700000 # ~0x000fffff [  <1M]
libdvm.so                      0x7d500000 # ~0x001bb9c0 [  ~2M]
# Note: libicudata.so intentionally omitted

# graphics
libpixelflinger.so             0x7d400000 # ~0x00067899 [  <1M]
libsurfaceflinger_client.so    0x7d3c0000 # ~0x00035b2b [<256K]
libsurfaceflinger.so           0x7d200000 # ~0x0006af64 [  <1M]
libGLES_android.so             0x7d1c0000 # ~0x0003e97b [<256K]
libagl.so                      0x7d000000 # ~0x000fffff [  <1M]

libGLESv1_CM.so                0x7cff0000 # ~0x0000d379 [ <64K]
libGLESv2.so                   0x7cfe0000 # ~0x00009e8e [ <64K]
libOpenVG_CM.so                0x7ce00000 # ~0x000fffff [  <1M]
libOpenVGU_CM.so               0x7cd00000 # ~0x000fffff [  <1M]
libEGL.so                      0x7ccc0000 # ~0x00015a16 [<256K]
libETC1.so                     0x7ccb0000 # ~0x00004696 [ <64K]

libacc.so                      0x7cc40000 # ~0x0001d18a [<256K]

libexif.so                     0x7cc00000 # ~0x000166c5 [<256K]
libcamera_client.so            0x7cbc0000 # ~0x000277be [<256K]
libui.so                       0x7cb80000 # ~0x00031228 [<256K]
libskia.so                     0x7c900000 # ~0x0022fd5e [  ~3M]
librs_jni.so                   0x7c8f0000 # ~0x0000c9b6 [ <64K]
libRS.so                       0x7c700000 # ~0x0006c564 [  <1M]
libjnigraphics.so              0x7c6f0000 # ~0x000011c5 [ <64K]
libskiagl.so                   0x7c680000 # ~0x00014599 [<256K]

# audio
libFLAC.so                     0x7c500000 # ~0x000fffff [  <1M]
libaudiopolicy.so              0x7c400000 # ~0x000fffff [  <1M]
libaudiopolicygeneric.so       0x7c300000 # ~0x000fffff [  <1M]
libsoundpool.so                0x7c2c0000 # ~0x00011bfd [<256K]
libaudio.so                    0x7c100000 # ~0x000fffff [  <1M]
libspeech.so                   0x7c000000 # ~0x000fffff [  <1M]
libsonivox.so                  0x7bf00000 # ~0x00062313 [  <1M]
libvorbisidec.so               0x7bec0000 # ~0x00028044 [<256K]
libmedia_jni.so                0x7be80000 # ~0x00022004 [<256K]
libmediaplayerservice.so       0x7bd00000 # ~0x00045933 [  <1M]
libmedia.so                    0x7bc00000 # ~0x000c7cf1 [  <1M]
libFFTEm.so                    0x7bb00000 # ~0x0007d0d4 [  <1M]
libSR_AudioIn.so               0x7baf0000 # ~0x00002363 [ <64K]
libaudioflinger.so             0x7b900000 # ~0x00081668 [  <1M]

# assorted system libraries
libsqlite.so                   0x7b800000 # ~0x000fdb9e [  <1M]
libexpat.so                    0x7b700000 # ~0x00041504 [  <1M]
libwebcore.so                  0x79f00000 # ~0x017893e1 [ ~24M]
libbinder.so                   0x79e00000 # ~0x0005d551 [  <1M]
libutils.so                    0x79d00000 # ~0x000742ee [  <1M]
libcameraservice.so            0x79cc0000 # ~0x00026029 [<256K]
libhardware.so                 0x79cb0000 # ~0x000011ed [ <64K]
libhardware_legacy.so          0x79ca0000 # ~0x0000b3a4 [ <64K]
libapp_process.so              0x79b00000 # ~0x000fffff [  <1M]
libsystem_server.so            0x79af0000 # ~0x00003711 [ <64K]
libime.so                      0x79900000 # ~0x000fffff [  <1M]
libgps.so                      0x79800000 # ~0x000fffff [  <1M]
libcamera.so                   0x79700000 # ~0x000fffff [  <1M]
liboemcamera.so                0x79600000 # ~0x000fffff [  <1M]
libdiskconfig.so               0x795f0000 # ~0x00006a64 [ <64K]
libemoji.so                    0x795e0000 # ~0x00004876 [ <64K]
libjni_latinime.so             0x795d0000 # ~0x000052a3 [ <64K]
libjni_pinyinime.so            0x79580000 # ~0x00032483 [<256K]
libttssynthproxy.so            0x79570000 # ~0x00007eb4 [ <64K]
libttspico.so                  0x79400000 # ~0x0009e7b4 [  <1M]

# pv libraries
libpvasf.so                    0x79300000 # ~0x000fffff [  <1M]
libpvasfreg.so                 0x79200000 # ~0x000fffff [  <1M]
libomx_sharedlibrary.so        0x791c0000 # ~0x0002bdde [<256K]
libopencore_download.so        0x79000000 # ~0x00042a96 [  <1M]
libopencore_downloadreg.so     0x78ff0000 # ~0x0000807a [ <64K]
libopencore_net_support.so     0x78e00000 # ~0x000b3e45 [  <1M]
libopencore_rtsp.so            0x78c00000 # ~0x00181348 [  ~2M]
libopencore_rtspreg.so         0x78bf0000 # ~0x0000807a [ <64K]
libopencore_author.so          0x78a00000 # ~0x000ed3b0 [  <1M]
libomx_aacdec_sharedlibrary.so 0x78900000 # ~0x0005ab1b [  <1M]
libomx_amrdec_sharedlibrary.so 0x78800000 # ~0x00040560 [  <1M]
libomx_amrenc_sharedlibrary.so 0x787c0000 # ~0x0002eafc [<256K]
libomx_avcdec_sharedlibrary.so 0x78780000 # ~0x0002b3f8 [<256K]
libomx_avcenc_sharedlibrary.so 0x78600000 # ~0x000fffff [  <1M]
libomx_m4vdec_sharedlibrary.so 0x785c0000 # ~0x0003f3b5 [<256K]
libomx_m4venc_sharedlibrary.so 0x78400000 # ~0x000fffff [  <1M]
libomx_mp3dec_sharedlibrary.so 0x783c0000 # ~0x0002033a [<256K]
libopencore_mp4local.so        0x78200000 # ~0x0007b8a1 [  <1M]
libopencore_mp4localreg.so     0x781f0000 # ~0x0000b74e [ <64K]
libopencore_player.so          0x77f00000 # ~0x0028cd1e [  ~3M]

# opencore hardware support
libmm-adspsvc.so               0x77e00000 # ~0x000fffff [  <1M]
libOmxCore.so                  0x77d00000 # ~0x000fffff [  <1M]
libOmxMpeg4Dec.so              0x77c00000 # ~0x000fffff [  <1M]
libOmxH264Dec.so               0x77b00000 # ~0x000fffff [  <1M]
libOmxVidEnc.so                0x77a00000 # ~0x000fffff [  <1M]
libopencorehw.so               0x77900000 # ~0x000fffff [  <1M]
libOmxVdec.so                  0x77800000 # ~0x000fffff [  <1M]
libmm-omxcore.so               0x77700000 # ~0x000fffff [  <1M]

# pv libraries
libopencore_common.so          0x77400000 # ~0x00257865 [  ~3M]
libqcomm_omx.so                0x77300000 # ~0x000fffff [  <1M]

# stagefright libraries
libstagefright_amrnb_common.so 0x772c0000 # ~0x00017332 [<256K]
libstagefright_avc_common.so   0x772b0000 # ~0x0000f700 [ <64K]
libstagefright_color_conversion.so 0x772a0000 # ~0x0000590c [ <64K]
libstagefright_omx.so          0x77240000 # ~0x00024b20 [<256K]
libstagefrighthw.so            0x77100000 # ~0x000fffff [  <1M]
libstagefright.so              0x76f00000 # ~0x001d6854 [  ~2M]

# libraries for specific hardware
libgsl.so                      0x76e00000 # ~0x000fffff [  <1M]
libhtc_acoustic.so             0x76d00000 # ~0x000fffff [  <1M]
libhtc_ril.so                  0x76c00000 # ~0x000fffff [  <1M]
liblvmxipc.so                  0x76b00000 # ~0x000fffff [  <1M]
libreference-cdma-sms.so       0x76af0000 # ~0x000011af [ <64K]

# libraries for specific hardware
libcam_ipl.so                  0x76900000 # ~0x000fffff [  <1M]
libwbxml.so                    0x76800000 # ~0x000fffff [  <1M]
libwbxml_jni.so                0x767c0000 # ~0x0002204b [<256K]
libxml2wbxml.so                0x76780000 # ~0x0001524d [<256K]
libdrm1.so                     0x76740000 # ~0x00017c53 [<256K]
libdrm1_jni.so                 0x76730000 # ~0x0000594e [ <64K]
libwapcore.so                  0x76600000 # ~0x000fffff [  <1M]
libstreetview.so               0x76500000 # ~0x000fffff [  <1M]
libwapbrowsertest.so           0x76400000 # ~0x000fffff [  <1M]
libminiglobe.so                0x76300000 # ~0x000fffff [  <1M]
libearth.so                    0x76200000 # ~0x000fffff [  <1M]
libembunit.so                  0x761f0000 # ~0x000035a0 [ <64K]
libneon.so                     0x76000000 # ~0x000fffff [  <1M]
libjni_example.so              0x75f00000 # ~0x000fffff [  <1M]
libjni_load_test.so            0x75e00000 # ~0x000fffff [  <1M]
libjni_lib_test.so             0x75d00000 # ~0x000fffff [  <1M]
librunperf.so                  0x75c00000 # ~0x000fffff [  <1M]
libctest.so                    0x75bf0000 # ~0x00001203 [ <64K]
libUAPI_jni.so                 0x75a00000 # ~0x000fffff [  <1M]
librpc.so                      0x75900000 # ~0x000fffff [  <1M]
libtrace_test.so               0x75800000 # ~0x000fffff [  <1M]
libsrec_jni.so                 0x75700000 # ~0x000f17c8 [  <1M]
libjpeg.so                     0x75600000 # ~0x000400b8 [  <1M]
libiprouteutil.so              0x755f0000 # ~0x00008519 [ <64K]
libnetlink.so                  0x755e0000 # ~0x000047b4 [ <64K]
libpagemap.so                  0x755d0000 # ~0x00004712 [ <64K]
libstlport.so                  0x75400000 # ~0x000c9d1e [  <1M]
libzxing.so                    0x75300000 # ~0x000fffff [  <1M]
libinterstitial.so             0x75200000 # ~0x000fffff [  <1M]
liblept.so                     0x75100000 # ~0x000fffff [  <1M]
